🔹 Starting ÒsánVault Africa auto-maintenance...
[INFO] Checking Nginx status...
[OK] Nginx is running.
[INFO] Testing Nginx configuration...
nginx: the configuration file /etc/nginx/nginx.conf syntax is ok
nginx: configuration file /etc/nginx/nginx.conf test is successful
[INFO] Reloading Nginx...
[INFO] Checking firewall rules...
Skipping adding existing rule
Skipping adding existing rule (v6)
Skipping adding existing rule
Skipping adding existing rule (v6)
Firewall reloaded
[INFO] Renewing SSL certificates...
[INFO] Restarting Nginx...
[INFO] Testing connectivity...
[INFO] HTTP status: 301
[INFO] HTTPS status: 200
✅ Website is live and secure.
🔹 Auto-maintenance complete.
🔹 Starting ÒsánVault Africa auto-maintenance...
[INFO] Checking Nginx status...
[OK] Nginx is running.
[INFO] Testing Nginx configuration...
nginx: the configuration file /etc/nginx/nginx.conf syntax is ok
nginx: configuration file /etc/nginx/nginx.conf test is successful
[INFO] Reloading Nginx...
[INFO] Checking firewall rules...
Skipping adding existing rule
Skipping adding existing rule (v6)
Skipping adding existing rule
Skipping adding existing rule (v6)
Firewall reloaded
[INFO] Renewing SSL certificates...
[INFO] Restarting Nginx...
[INFO] Testing connectivity...
[INFO] HTTP status: 301
[INFO] HTTPS status: 200
✅ Website is live and secure.
🔹 Auto-maintenance complete.
