Sep 10 18:33:24 srv1003190 sshd[7622]: Accepted password for root from 102.88.110.136 port 13714 ssh2
Sep 10 18:33:24 srv1003190 sshd[7622]: pam_unix(sshd:session): session opened for user root(uid=0) by (uid=0)
Sep 10 18:41:15 srv1003190 sshd[8551]: Connection closed by authenticating user root 102.88.110.136 port 13734 [preauth]
Sep 10 18:41:17 srv1003190 sshd[8553]: Connection closed by authenticating user root 102.88.110.136 port 13735 [preauth]
Sep 10 18:41:33 srv1003190 sshd[8555]: Accepted password for root from 102.88.110.136 port 13736 ssh2
Sep 10 18:41:33 srv1003190 sshd[8555]: pam_unix(sshd:session): session opened for user root(uid=0) by (uid=0)
Sep 10 18:41:37 srv1003190 sshd[8617]: Accepted publickey for root from 102.88.110.136 port 13737 ssh2: RSA SHA256:U/Y7nTM1oZn7Ftn5lkpOEY6N5xKP4RPSDZ+zF5LgAfU
Sep 10 18:41:37 srv1003190 sshd[8617]: pam_unix(sshd:session): session opened for user root(uid=0) by (uid=0)
Sep 10 19:36:18 srv1003190 sshd[9674]: error: kex_exchange_identification: Connection closed by remote host
Sep 10 19:36:18 srv1003190 sshd[9674]: Connection closed by 147.185.132.213 port 56312
Sep 10 18:23:03 srv1003190 sshd[6047]: Accepted password for root from 102.88.110.136 port 13707 ssh2
Sep 10 18:23:03 srv1003190 sshd[6047]: pam_unix(sshd:session): session opened for user root(uid=0) by (uid=0)
Sep 10 18:32:16 srv1003190 sshd[7616]: Connection closed by authenticating user root 102.88.110.136 port 13711 [preauth]
Sep 10 18:32:18 srv1003190 sshd[7618]: Connection closed by authenticating user root 102.88.110.136 port 13712 [preauth]
Sep 10 18:32:29 srv1003190 sshd[7620]: pam_unix(sshd:auth): authentication failure; logname= uid=0 euid=0 tty=ssh ruser= rhost=102.88.110.136  user=root
Sep 10 18:32:31 srv1003190 sshd[7620]: Failed password for root from 102.88.110.136 port 13713 ssh2
Sep 10 18:32:44 srv1003190 sshd[7620]: Failed password for root from 102.88.110.136 port 13713 ssh2
Sep 10 18:33:06 srv1003190 sshd[7620]: Failed password for root from 102.88.110.136 port 13713 ssh2
Sep 10 18:33:07 srv1003190 sshd[7620]: Connection closed by authenticating user root 102.88.110.136 port 13713 [preauth]
Sep 10 18:33:07 srv1003190 sshd[7620]: PAM 2 more authentication failures; logname= uid=0 euid=0 tty=ssh ruser= rhost=102.88.110.136  user=root
Sep 10 18:33:24 srv1003190 sshd[7622]: Accepted password for root from 102.88.110.136 port 13714 ssh2
Sep 10 18:33:24 srv1003190 sshd[7622]: pam_unix(sshd:session): session opened for user root(uid=0) by (uid=0)
Sep 10 18:41:15 srv1003190 sshd[8551]: Connection closed by authenticating user root 102.88.110.136 port 13734 [preauth]
Sep 10 18:41:17 srv1003190 sshd[8553]: Connection closed by authenticating user root 102.88.110.136 port 13735 [preauth]
Sep 10 18:41:33 srv1003190 sshd[8555]: Accepted password for root from 102.88.110.136 port 13736 ssh2
Sep 10 18:41:33 srv1003190 sshd[8555]: pam_unix(sshd:session): session opened for user root(uid=0) by (uid=0)
Sep 10 18:41:37 srv1003190 sshd[8617]: Accepted publickey for root from 102.88.110.136 port 13737 ssh2: RSA SHA256:U/Y7nTM1oZn7Ftn5lkpOEY6N5xKP4RPSDZ+zF5LgAfU
Sep 10 18:41:37 srv1003190 sshd[8617]: pam_unix(sshd:session): session opened for user root(uid=0) by (uid=0)
Sep 10 19:36:18 srv1003190 sshd[9674]: error: kex_exchange_identification: Connection closed by remote host
Sep 10 19:36:18 srv1003190 sshd[9674]: Connection closed by 147.185.132.213 port 56312
Sep 10 18:23:03 srv1003190 sshd[6047]: Accepted password for root from 102.88.110.136 port 13707 ssh2
Sep 10 18:23:03 srv1003190 sshd[6047]: pam_unix(sshd:session): session opened for user root(uid=0) by (uid=0)
Sep 10 18:32:16 srv1003190 sshd[7616]: Connection closed by authenticating user root 102.88.110.136 port 13711 [preauth]
Sep 10 18:32:18 srv1003190 sshd[7618]: Connection closed by authenticating user root 102.88.110.136 port 13712 [preauth]
Sep 10 18:32:29 srv1003190 sshd[7620]: pam_unix(sshd:auth): authentication failure; logname= uid=0 euid=0 tty=ssh ruser= rhost=102.88.110.136  user=root
Sep 10 18:32:31 srv1003190 sshd[7620]: Failed password for root from 102.88.110.136 port 13713 ssh2
Sep 10 18:32:44 srv1003190 sshd[7620]: Failed password for root from 102.88.110.136 port 13713 ssh2
Sep 10 18:33:06 srv1003190 sshd[7620]: Failed password for root from 102.88.110.136 port 13713 ssh2
Sep 10 18:33:07 srv1003190 sshd[7620]: Connection closed by authenticating user root 102.88.110.136 port 13713 [preauth]
Sep 10 18:33:07 srv1003190 sshd[7620]: PAM 2 more authentication failures; logname= uid=0 euid=0 tty=ssh ruser= rhost=102.88.110.136  user=root
Sep 10 18:33:24 srv1003190 sshd[7622]: Accepted password for root from 102.88.110.136 port 13714 ssh2
Sep 10 18:33:24 srv1003190 sshd[7622]: pam_unix(sshd:session): session opened for user root(uid=0) by (uid=0)
Sep 10 18:41:15 srv1003190 sshd[8551]: Connection closed by authenticating user root 102.88.110.136 port 13734 [preauth]
Sep 10 18:41:17 srv1003190 sshd[8553]: Connection closed by authenticating user root 102.88.110.136 port 13735 [preauth]
Sep 10 18:41:33 srv1003190 sshd[8555]: Accepted password for root from 102.88.110.136 port 13736 ssh2
Sep 10 18:41:33 srv1003190 sshd[8555]: pam_unix(sshd:session): session opened for user root(uid=0) by (uid=0)
Sep 10 18:41:37 srv1003190 sshd[8617]: Accepted publickey for root from 102.88.110.136 port 13737 ssh2: RSA SHA256:U/Y7nTM1oZn7Ftn5lkpOEY6N5xKP4RPSDZ+zF5LgAfU
Sep 10 18:41:37 srv1003190 sshd[8617]: pam_unix(sshd:session): session opened for user root(uid=0) by (uid=0)
Sep 10 19:36:18 srv1003190 sshd[9674]: error: kex_exchange_identification: Connection closed by remote host
Sep 10 19:36:18 srv1003190 sshd[9674]: Connection closed by 147.185.132.213 port 56312
Sep 10 18:23:03 srv1003190 sshd[6047]: Accepted password for root from 102.88.110.136 port 13707 ssh2
Sep 10 18:23:03 srv1003190 sshd[6047]: pam_unix(sshd:session): session opened for user root(uid=0) by (uid=0)
Sep 10 18:32:16 srv1003190 sshd[7616]: Connection closed by authenticating user root 102.88.110.136 port 13711 [preauth]
Sep 10 18:32:18 srv1003190 sshd[7618]: Connection closed by authenticating user root 102.88.110.136 port 13712 [preauth]
Sep 10 18:32:29 srv1003190 sshd[7620]: pam_unix(sshd:auth): authentication failure; logname= uid=0 euid=0 tty=ssh ruser= rhost=102.88.110.136  user=root
Sep 10 18:32:31 srv1003190 sshd[7620]: Failed password for root from 102.88.110.136 port 13713 ssh2
Sep 10 18:32:44 srv1003190 sshd[7620]: Failed password for root from 102.88.110.136 port 13713 ssh2
Sep 10 18:33:06 srv1003190 sshd[7620]: Failed password for root from 102.88.110.136 port 13713 ssh2
Sep 10 18:33:07 srv1003190 sshd[7620]: Connection closed by authenticating user root 102.88.110.136 port 13713 [preauth]
Sep 10 18:33:07 srv1003190 sshd[7620]: PAM 2 more authentication failures; logname= uid=0 euid=0 tty=ssh ruser= rhost=102.88.110.136  user=root
Sep 10 18:33:24 srv1003190 sshd[7622]: Accepted password for root from 102.88.110.136 port 13714 ssh2
Sep 10 18:33:24 srv1003190 sshd[7622]: pam_unix(sshd:session): session opened for user root(uid=0) by (uid=0)
Sep 10 18:41:15 srv1003190 sshd[8551]: Connection closed by authenticating user root 102.88.110.136 port 13734 [preauth]
Sep 10 18:41:17 srv1003190 sshd[8553]: Connection closed by authenticating user root 102.88.110.136 port 13735 [preauth]
Sep 10 18:41:33 srv1003190 sshd[8555]: Accepted password for root from 102.88.110.136 port 13736 ssh2
Sep 10 18:41:33 srv1003190 sshd[8555]: pam_unix(sshd:session): session opened for user root(uid=0) by (uid=0)
Sep 10 18:41:37 srv1003190 sshd[8617]: Accepted publickey for root from 102.88.110.136 port 13737 ssh2: RSA SHA256:U/Y7nTM1oZn7Ftn5lkpOEY6N5xKP4RPSDZ+zF5LgAfU
Sep 10 18:41:37 srv1003190 sshd[8617]: pam_unix(sshd:session): session opened for user root(uid=0) by (uid=0)
Sep 10 19:36:18 srv1003190 sshd[9674]: error: kex_exchange_identification: Connection closed by remote host
Sep 10 19:36:18 srv1003190 sshd[9674]: Connection closed by 147.185.132.213 port 56312
Sep 10 18:23:03 srv1003190 sshd[6047]: pam_unix(sshd:session): session opened for user root(uid=0) by (uid=0)
Sep 10 18:32:16 srv1003190 sshd[7616]: Connection closed by authenticating user root 102.88.110.136 port 13711 [preauth]
Sep 10 18:32:18 srv1003190 sshd[7618]: Connection closed by authenticating user root 102.88.110.136 port 13712 [preauth]
Sep 10 18:32:29 srv1003190 sshd[7620]: pam_unix(sshd:auth): authentication failure; logname= uid=0 euid=0 tty=ssh ruser= rhost=102.88.110.136  user=root
Sep 10 18:32:31 srv1003190 sshd[7620]: Failed password for root from 102.88.110.136 port 13713 ssh2
Sep 10 18:32:44 srv1003190 sshd[7620]: Failed password for root from 102.88.110.136 port 13713 ssh2
Sep 10 18:33:06 srv1003190 sshd[7620]: Failed password for root from 102.88.110.136 port 13713 ssh2
Sep 10 18:33:07 srv1003190 sshd[7620]: Connection closed by authenticating user root 102.88.110.136 port 13713 [preauth]
Sep 10 18:33:07 srv1003190 sshd[7620]: PAM 2 more authentication failures; logname= uid=0 euid=0 tty=ssh ruser= rhost=102.88.110.136  user=root
Sep 10 18:33:24 srv1003190 sshd[7622]: Accepted password for root from 102.88.110.136 port 13714 ssh2
Sep 10 18:33:24 srv1003190 sshd[7622]: pam_unix(sshd:session): session opened for user root(uid=0) by (uid=0)
Sep 10 18:41:15 srv1003190 sshd[8551]: Connection closed by authenticating user root 102.88.110.136 port 13734 [preauth]
Sep 10 18:41:17 srv1003190 sshd[8553]: Connection closed by authenticating user root 102.88.110.136 port 13735 [preauth]
Sep 10 18:41:33 srv1003190 sshd[8555]: Accepted password for root from 102.88.110.136 port 13736 ssh2
Sep 10 18:41:33 srv1003190 sshd[8555]: pam_unix(sshd:session): session opened for user root(uid=0) by (uid=0)
Sep 10 18:41:37 srv1003190 sshd[8617]: Accepted publickey for root from 102.88.110.136 port 13737 ssh2: RSA SHA256:U/Y7nTM1oZn7Ftn5lkpOEY6N5xKP4RPSDZ+zF5LgAfU
Sep 10 18:41:37 srv1003190 sshd[8617]: pam_unix(sshd:session): session opened for user root(uid=0) by (uid=0)
Sep 10 19:36:18 srv1003190 sshd[9674]: error: kex_exchange_identification: Connection closed by remote host
Sep 10 19:36:18 srv1003190 sshd[9674]: Connection closed by 147.185.132.213 port 56312
Sep 10 20:31:56 srv1003190 sshd[10519]: Connection closed by 167.94.138.194 port 39542 [preauth]
Sep 10 18:23:03 srv1003190 sshd[6047]: pam_unix(sshd:session): session opened for user root(uid=0) by (uid=0)
Sep 10 18:32:16 srv1003190 sshd[7616]: Connection closed by authenticating user root 102.88.110.136 port 13711 [preauth]
Sep 10 18:32:18 srv1003190 sshd[7618]: Connection closed by authenticating user root 102.88.110.136 port 13712 [preauth]
Sep 10 18:32:29 srv1003190 sshd[7620]: pam_unix(sshd:auth): authentication failure; logname= uid=0 euid=0 tty=ssh ruser= rhost=102.88.110.136  user=root
Sep 10 18:32:31 srv1003190 sshd[7620]: Failed password for root from 102.88.110.136 port 13713 ssh2
Sep 10 18:32:44 srv1003190 sshd[7620]: Failed password for root from 102.88.110.136 port 13713 ssh2
Sep 10 18:33:06 srv1003190 sshd[7620]: Failed password for root from 102.88.110.136 port 13713 ssh2
Sep 10 18:33:07 srv1003190 sshd[7620]: Connection closed by authenticating user root 102.88.110.136 port 13713 [preauth]
Sep 10 18:33:07 srv1003190 sshd[7620]: PAM 2 more authentication failures; logname= uid=0 euid=0 tty=ssh ruser= rhost=102.88.110.136  user=root
Sep 10 18:33:24 srv1003190 sshd[7622]: Accepted password for root from 102.88.110.136 port 13714 ssh2
Sep 10 18:33:24 srv1003190 sshd[7622]: pam_unix(sshd:session): session opened for user root(uid=0) by (uid=0)
Sep 10 18:41:15 srv1003190 sshd[8551]: Connection closed by authenticating user root 102.88.110.136 port 13734 [preauth]
Sep 10 18:41:17 srv1003190 sshd[8553]: Connection closed by authenticating user root 102.88.110.136 port 13735 [preauth]
Sep 10 18:41:33 srv1003190 sshd[8555]: Accepted password for root from 102.88.110.136 port 13736 ssh2
Sep 10 18:41:33 srv1003190 sshd[8555]: pam_unix(sshd:session): session opened for user root(uid=0) by (uid=0)
Sep 10 18:41:37 srv1003190 sshd[8617]: Accepted publickey for root from 102.88.110.136 port 13737 ssh2: RSA SHA256:U/Y7nTM1oZn7Ftn5lkpOEY6N5xKP4RPSDZ+zF5LgAfU
Sep 10 18:41:37 srv1003190 sshd[8617]: pam_unix(sshd:session): session opened for user root(uid=0) by (uid=0)
Sep 10 19:36:18 srv1003190 sshd[9674]: error: kex_exchange_identification: Connection closed by remote host
Sep 10 19:36:18 srv1003190 sshd[9674]: Connection closed by 147.185.132.213 port 56312
Sep 10 20:31:56 srv1003190 sshd[10519]: Connection closed by 167.94.138.194 port 39542 [preauth]
Sep 10 18:23:03 srv1003190 sshd[6047]: pam_unix(sshd:session): session opened for user root(uid=0) by (uid=0)
Sep 10 18:32:16 srv1003190 sshd[7616]: Connection closed by authenticating user root 102.88.110.136 port 13711 [preauth]
Sep 10 18:32:18 srv1003190 sshd[7618]: Connection closed by authenticating user root 102.88.110.136 port 13712 [preauth]
Sep 10 18:32:29 srv1003190 sshd[7620]: pam_unix(sshd:auth): authentication failure; logname= uid=0 euid=0 tty=ssh ruser= rhost=102.88.110.136  user=root
Sep 10 18:32:31 srv1003190 sshd[7620]: Failed password for root from 102.88.110.136 port 13713 ssh2
Sep 10 18:32:44 srv1003190 sshd[7620]: Failed password for root from 102.88.110.136 port 13713 ssh2
Sep 10 18:33:06 srv1003190 sshd[7620]: Failed password for root from 102.88.110.136 port 13713 ssh2
Sep 10 18:33:07 srv1003190 sshd[7620]: Connection closed by authenticating user root 102.88.110.136 port 13713 [preauth]
Sep 10 18:33:07 srv1003190 sshd[7620]: PAM 2 more authentication failures; logname= uid=0 euid=0 tty=ssh ruser= rhost=102.88.110.136  user=root
Sep 10 18:33:24 srv1003190 sshd[7622]: Accepted password for root from 102.88.110.136 port 13714 ssh2
Sep 10 18:33:24 srv1003190 sshd[7622]: pam_unix(sshd:session): session opened for user root(uid=0) by (uid=0)
Sep 10 18:41:15 srv1003190 sshd[8551]: Connection closed by authenticating user root 102.88.110.136 port 13734 [preauth]
Sep 10 18:41:17 srv1003190 sshd[8553]: Connection closed by authenticating user root 102.88.110.136 port 13735 [preauth]
Sep 10 18:41:33 srv1003190 sshd[8555]: Accepted password for root from 102.88.110.136 port 13736 ssh2
Sep 10 18:41:33 srv1003190 sshd[8555]: pam_unix(sshd:session): session opened for user root(uid=0) by (uid=0)
Sep 10 18:41:37 srv1003190 sshd[8617]: Accepted publickey for root from 102.88.110.136 port 13737 ssh2: RSA SHA256:U/Y7nTM1oZn7Ftn5lkpOEY6N5xKP4RPSDZ+zF5LgAfU
Sep 10 18:41:37 srv1003190 sshd[8617]: pam_unix(sshd:session): session opened for user root(uid=0) by (uid=0)
Sep 10 19:36:18 srv1003190 sshd[9674]: error: kex_exchange_identification: Connection closed by remote host
Sep 10 19:36:18 srv1003190 sshd[9674]: Connection closed by 147.185.132.213 port 56312
Sep 10 20:31:56 srv1003190 sshd[10519]: Connection closed by 167.94.138.194 port 39542 [preauth]
Sep 10 18:23:03 srv1003190 sshd[6047]: pam_unix(sshd:session): session opened for user root(uid=0) by (uid=0)
Sep 10 18:32:16 srv1003190 sshd[7616]: Connection closed by authenticating user root 102.88.110.136 port 13711 [preauth]
Sep 10 18:32:18 srv1003190 sshd[7618]: Connection closed by authenticating user root 102.88.110.136 port 13712 [preauth]
Sep 10 18:32:29 srv1003190 sshd[7620]: pam_unix(sshd:auth): authentication failure; logname= uid=0 euid=0 tty=ssh ruser= rhost=102.88.110.136  user=root
Sep 10 18:32:31 srv1003190 sshd[7620]: Failed password for root from 102.88.110.136 port 13713 ssh2
Sep 10 18:32:44 srv1003190 sshd[7620]: Failed password for root from 102.88.110.136 port 13713 ssh2
Sep 10 18:33:06 srv1003190 sshd[7620]: Failed password for root from 102.88.110.136 port 13713 ssh2
Sep 10 18:33:07 srv1003190 sshd[7620]: Connection closed by authenticating user root 102.88.110.136 port 13713 [preauth]
Sep 10 18:33:07 srv1003190 sshd[7620]: PAM 2 more authentication failures; logname= uid=0 euid=0 tty=ssh ruser= rhost=102.88.110.136  user=root
Sep 10 18:33:24 srv1003190 sshd[7622]: Accepted password for root from 102.88.110.136 port 13714 ssh2
Sep 10 18:33:24 srv1003190 sshd[7622]: pam_unix(sshd:session): session opened for user root(uid=0) by (uid=0)
Sep 10 18:41:15 srv1003190 sshd[8551]: Connection closed by authenticating user root 102.88.110.136 port 13734 [preauth]
Sep 10 18:41:17 srv1003190 sshd[8553]: Connection closed by authenticating user root 102.88.110.136 port 13735 [preauth]
Sep 10 18:41:33 srv1003190 sshd[8555]: Accepted password for root from 102.88.110.136 port 13736 ssh2
Sep 10 18:41:33 srv1003190 sshd[8555]: pam_unix(sshd:session): session opened for user root(uid=0) by (uid=0)
Sep 10 18:41:37 srv1003190 sshd[8617]: Accepted publickey for root from 102.88.110.136 port 13737 ssh2: RSA SHA256:U/Y7nTM1oZn7Ftn5lkpOEY6N5xKP4RPSDZ+zF5LgAfU
Sep 10 18:41:37 srv1003190 sshd[8617]: pam_unix(sshd:session): session opened for user root(uid=0) by (uid=0)
Sep 10 19:36:18 srv1003190 sshd[9674]: error: kex_exchange_identification: Connection closed by remote host
Sep 10 19:36:18 srv1003190 sshd[9674]: Connection closed by 147.185.132.213 port 56312
Sep 10 20:31:56 srv1003190 sshd[10519]: Connection closed by 167.94.138.194 port 39542 [preauth]
Sep 10 18:23:03 srv1003190 sshd[6047]: pam_unix(sshd:session): session opened for user root(uid=0) by (uid=0)
Sep 10 18:32:16 srv1003190 sshd[7616]: Connection closed by authenticating user root 102.88.110.136 port 13711 [preauth]
Sep 10 18:32:18 srv1003190 sshd[7618]: Connection closed by authenticating user root 102.88.110.136 port 13712 [preauth]
Sep 10 18:32:29 srv1003190 sshd[7620]: pam_unix(sshd:auth): authentication failure; logname= uid=0 euid=0 tty=ssh ruser= rhost=102.88.110.136  user=root
Sep 10 18:32:31 srv1003190 sshd[7620]: Failed password for root from 102.88.110.136 port 13713 ssh2
Sep 10 18:32:44 srv1003190 sshd[7620]: Failed password for root from 102.88.110.136 port 13713 ssh2
Sep 10 18:33:06 srv1003190 sshd[7620]: Failed password for root from 102.88.110.136 port 13713 ssh2
Sep 10 18:33:07 srv1003190 sshd[7620]: Connection closed by authenticating user root 102.88.110.136 port 13713 [preauth]
Sep 10 18:33:07 srv1003190 sshd[7620]: PAM 2 more authentication failures; logname= uid=0 euid=0 tty=ssh ruser= rhost=102.88.110.136  user=root
Sep 10 18:33:24 srv1003190 sshd[7622]: Accepted password for root from 102.88.110.136 port 13714 ssh2
Sep 10 18:33:24 srv1003190 sshd[7622]: pam_unix(sshd:session): session opened for user root(uid=0) by (uid=0)
Sep 10 18:41:15 srv1003190 sshd[8551]: Connection closed by authenticating user root 102.88.110.136 port 13734 [preauth]
Sep 10 18:41:17 srv1003190 sshd[8553]: Connection closed by authenticating user root 102.88.110.136 port 13735 [preauth]
Sep 10 18:41:33 srv1003190 sshd[8555]: Accepted password for root from 102.88.110.136 port 13736 ssh2
Sep 10 18:41:33 srv1003190 sshd[8555]: pam_unix(sshd:session): session opened for user root(uid=0) by (uid=0)
Sep 10 18:41:37 srv1003190 sshd[8617]: Accepted publickey for root from 102.88.110.136 port 13737 ssh2: RSA SHA256:U/Y7nTM1oZn7Ftn5lkpOEY6N5xKP4RPSDZ+zF5LgAfU
Sep 10 18:41:37 srv1003190 sshd[8617]: pam_unix(sshd:session): session opened for user root(uid=0) by (uid=0)
Sep 10 19:36:18 srv1003190 sshd[9674]: error: kex_exchange_identification: Connection closed by remote host
Sep 10 19:36:18 srv1003190 sshd[9674]: Connection closed by 147.185.132.213 port 56312
Sep 10 20:31:56 srv1003190 sshd[10519]: Connection closed by 167.94.138.194 port 39542 [preauth]
Sep 10 18:23:03 srv1003190 sshd[6047]: pam_unix(sshd:session): session opened for user root(uid=0) by (uid=0)
Sep 10 18:32:16 srv1003190 sshd[7616]: Connection closed by authenticating user root 102.88.110.136 port 13711 [preauth]
Sep 10 18:32:18 srv1003190 sshd[7618]: Connection closed by authenticating user root 102.88.110.136 port 13712 [preauth]
Sep 10 18:32:29 srv1003190 sshd[7620]: pam_unix(sshd:auth): authentication failure; logname= uid=0 euid=0 tty=ssh ruser= rhost=102.88.110.136  user=root
Sep 10 18:32:31 srv1003190 sshd[7620]: Failed password for root from 102.88.110.136 port 13713 ssh2
Sep 10 18:32:44 srv1003190 sshd[7620]: Failed password for root from 102.88.110.136 port 13713 ssh2
Sep 10 18:33:06 srv1003190 sshd[7620]: Failed password for root from 102.88.110.136 port 13713 ssh2
Sep 10 18:33:07 srv1003190 sshd[7620]: Connection closed by authenticating user root 102.88.110.136 port 13713 [preauth]
Sep 10 18:33:07 srv1003190 sshd[7620]: PAM 2 more authentication failures; logname= uid=0 euid=0 tty=ssh ruser= rhost=102.88.110.136  user=root
Sep 10 18:33:24 srv1003190 sshd[7622]: Accepted password for root from 102.88.110.136 port 13714 ssh2
Sep 10 18:33:24 srv1003190 sshd[7622]: pam_unix(sshd:session): session opened for user root(uid=0) by (uid=0)
Sep 10 18:41:15 srv1003190 sshd[8551]: Connection closed by authenticating user root 102.88.110.136 port 13734 [preauth]
Sep 10 18:41:17 srv1003190 sshd[8553]: Connection closed by authenticating user root 102.88.110.136 port 13735 [preauth]
Sep 10 18:41:33 srv1003190 sshd[8555]: Accepted password for root from 102.88.110.136 port 13736 ssh2
Sep 10 18:41:33 srv1003190 sshd[8555]: pam_unix(sshd:session): session opened for user root(uid=0) by (uid=0)
Sep 10 18:41:37 srv1003190 sshd[8617]: Accepted publickey for root from 102.88.110.136 port 13737 ssh2: RSA SHA256:U/Y7nTM1oZn7Ftn5lkpOEY6N5xKP4RPSDZ+zF5LgAfU
Sep 10 18:41:37 srv1003190 sshd[8617]: pam_unix(sshd:session): session opened for user root(uid=0) by (uid=0)
Sep 10 19:36:18 srv1003190 sshd[9674]: error: kex_exchange_identification: Connection closed by remote host
Sep 10 19:36:18 srv1003190 sshd[9674]: Connection closed by 147.185.132.213 port 56312
Sep 10 20:31:56 srv1003190 sshd[10519]: Connection closed by 167.94.138.194 port 39542 [preauth]
Sep 10 18:23:03 srv1003190 sshd[6047]: pam_unix(sshd:session): session opened for user root(uid=0) by (uid=0)
Sep 10 18:32:16 srv1003190 sshd[7616]: Connection closed by authenticating user root 102.88.110.136 port 13711 [preauth]
Sep 10 18:32:18 srv1003190 sshd[7618]: Connection closed by authenticating user root 102.88.110.136 port 13712 [preauth]
Sep 10 18:32:29 srv1003190 sshd[7620]: pam_unix(sshd:auth): authentication failure; logname= uid=0 euid=0 tty=ssh ruser= rhost=102.88.110.136  user=root
Sep 10 18:32:31 srv1003190 sshd[7620]: Failed password for root from 102.88.110.136 port 13713 ssh2
Sep 10 18:32:44 srv1003190 sshd[7620]: Failed password for root from 102.88.110.136 port 13713 ssh2
Sep 10 18:33:06 srv1003190 sshd[7620]: Failed password for root from 102.88.110.136 port 13713 ssh2
Sep 10 18:33:07 srv1003190 sshd[7620]: Connection closed by authenticating user root 102.88.110.136 port 13713 [preauth]
Sep 10 18:33:07 srv1003190 sshd[7620]: PAM 2 more authentication failures; logname= uid=0 euid=0 tty=ssh ruser= rhost=102.88.110.136  user=root
Sep 10 18:33:24 srv1003190 sshd[7622]: Accepted password for root from 102.88.110.136 port 13714 ssh2
Sep 10 18:33:24 srv1003190 sshd[7622]: pam_unix(sshd:session): session opened for user root(uid=0) by (uid=0)
Sep 10 18:41:15 srv1003190 sshd[8551]: Connection closed by authenticating user root 102.88.110.136 port 13734 [preauth]
Sep 10 18:41:17 srv1003190 sshd[8553]: Connection closed by authenticating user root 102.88.110.136 port 13735 [preauth]
Sep 10 18:41:33 srv1003190 sshd[8555]: Accepted password for root from 102.88.110.136 port 13736 ssh2
Sep 10 18:41:33 srv1003190 sshd[8555]: pam_unix(sshd:session): session opened for user root(uid=0) by (uid=0)
Sep 10 18:41:37 srv1003190 sshd[8617]: Accepted publickey for root from 102.88.110.136 port 13737 ssh2: RSA SHA256:U/Y7nTM1oZn7Ftn5lkpOEY6N5xKP4RPSDZ+zF5LgAfU
Sep 10 18:41:37 srv1003190 sshd[8617]: pam_unix(sshd:session): session opened for user root(uid=0) by (uid=0)
Sep 10 19:36:18 srv1003190 sshd[9674]: error: kex_exchange_identification: Connection closed by remote host
Sep 10 19:36:18 srv1003190 sshd[9674]: Connection closed by 147.185.132.213 port 56312
Sep 10 20:31:56 srv1003190 sshd[10519]: Connection closed by 167.94.138.194 port 39542 [preauth]
Sep 10 18:23:03 srv1003190 sshd[6047]: pam_unix(sshd:session): session opened for user root(uid=0) by (uid=0)
Sep 10 18:32:16 srv1003190 sshd[7616]: Connection closed by authenticating user root 102.88.110.136 port 13711 [preauth]
Sep 10 18:32:18 srv1003190 sshd[7618]: Connection closed by authenticating user root 102.88.110.136 port 13712 [preauth]
Sep 10 18:32:29 srv1003190 sshd[7620]: pam_unix(sshd:auth): authentication failure; logname= uid=0 euid=0 tty=ssh ruser= rhost=102.88.110.136  user=root
Sep 10 18:32:31 srv1003190 sshd[7620]: Failed password for root from 102.88.110.136 port 13713 ssh2
Sep 10 18:32:44 srv1003190 sshd[7620]: Failed password for root from 102.88.110.136 port 13713 ssh2
Sep 10 18:33:06 srv1003190 sshd[7620]: Failed password for root from 102.88.110.136 port 13713 ssh2
Sep 10 18:33:07 srv1003190 sshd[7620]: Connection closed by authenticating user root 102.88.110.136 port 13713 [preauth]
Sep 10 18:33:07 srv1003190 sshd[7620]: PAM 2 more authentication failures; logname= uid=0 euid=0 tty=ssh ruser= rhost=102.88.110.136  user=root
Sep 10 18:33:24 srv1003190 sshd[7622]: Accepted password for root from 102.88.110.136 port 13714 ssh2
Sep 10 18:33:24 srv1003190 sshd[7622]: pam_unix(sshd:session): session opened for user root(uid=0) by (uid=0)
Sep 10 18:41:15 srv1003190 sshd[8551]: Connection closed by authenticating user root 102.88.110.136 port 13734 [preauth]
Sep 10 18:41:17 srv1003190 sshd[8553]: Connection closed by authenticating user root 102.88.110.136 port 13735 [preauth]
Sep 10 18:41:33 srv1003190 sshd[8555]: Accepted password for root from 102.88.110.136 port 13736 ssh2
Sep 10 18:41:33 srv1003190 sshd[8555]: pam_unix(sshd:session): session opened for user root(uid=0) by (uid=0)
Sep 10 18:41:37 srv1003190 sshd[8617]: Accepted publickey for root from 102.88.110.136 port 13737 ssh2: RSA SHA256:U/Y7nTM1oZn7Ftn5lkpOEY6N5xKP4RPSDZ+zF5LgAfU
Sep 10 18:41:37 srv1003190 sshd[8617]: pam_unix(sshd:session): session opened for user root(uid=0) by (uid=0)
Sep 10 19:36:18 srv1003190 sshd[9674]: error: kex_exchange_identification: Connection closed by remote host
Sep 10 19:36:18 srv1003190 sshd[9674]: Connection closed by 147.185.132.213 port 56312
Sep 10 20:31:56 srv1003190 sshd[10519]: Connection closed by 167.94.138.194 port 39542 [preauth]
Sep 10 18:23:03 srv1003190 sshd[6047]: pam_unix(sshd:session): session opened for user root(uid=0) by (uid=0)
Sep 10 18:32:16 srv1003190 sshd[7616]: Connection closed by authenticating user root 102.88.110.136 port 13711 [preauth]
Sep 10 18:32:18 srv1003190 sshd[7618]: Connection closed by authenticating user root 102.88.110.136 port 13712 [preauth]
Sep 10 18:32:29 srv1003190 sshd[7620]: pam_unix(sshd:auth): authentication failure; logname= uid=0 euid=0 tty=ssh ruser= rhost=102.88.110.136  user=root
Sep 10 18:32:31 srv1003190 sshd[7620]: Failed password for root from 102.88.110.136 port 13713 ssh2
Sep 10 18:32:44 srv1003190 sshd[7620]: Failed password for root from 102.88.110.136 port 13713 ssh2
Sep 10 18:33:06 srv1003190 sshd[7620]: Failed password for root from 102.88.110.136 port 13713 ssh2
Sep 10 18:33:07 srv1003190 sshd[7620]: Connection closed by authenticating user root 102.88.110.136 port 13713 [preauth]
Sep 10 18:33:07 srv1003190 sshd[7620]: PAM 2 more authentication failures; logname= uid=0 euid=0 tty=ssh ruser= rhost=102.88.110.136  user=root
Sep 10 18:33:24 srv1003190 sshd[7622]: Accepted password for root from 102.88.110.136 port 13714 ssh2
Sep 10 18:33:24 srv1003190 sshd[7622]: pam_unix(sshd:session): session opened for user root(uid=0) by (uid=0)
Sep 10 18:41:15 srv1003190 sshd[8551]: Connection closed by authenticating user root 102.88.110.136 port 13734 [preauth]
Sep 10 18:41:17 srv1003190 sshd[8553]: Connection closed by authenticating user root 102.88.110.136 port 13735 [preauth]
Sep 10 18:41:33 srv1003190 sshd[8555]: Accepted password for root from 102.88.110.136 port 13736 ssh2
Sep 10 18:41:33 srv1003190 sshd[8555]: pam_unix(sshd:session): session opened for user root(uid=0) by (uid=0)
Sep 10 18:41:37 srv1003190 sshd[8617]: Accepted publickey for root from 102.88.110.136 port 13737 ssh2: RSA SHA256:U/Y7nTM1oZn7Ftn5lkpOEY6N5xKP4RPSDZ+zF5LgAfU
Sep 10 18:41:37 srv1003190 sshd[8617]: pam_unix(sshd:session): session opened for user root(uid=0) by (uid=0)
Sep 10 19:36:18 srv1003190 sshd[9674]: error: kex_exchange_identification: Connection closed by remote host
Sep 10 19:36:18 srv1003190 sshd[9674]: Connection closed by 147.185.132.213 port 56312
Sep 10 20:31:56 srv1003190 sshd[10519]: Connection closed by 167.94.138.194 port 39542 [preauth]
Sep 10 18:23:03 srv1003190 sshd[6047]: pam_unix(sshd:session): session opened for user root(uid=0) by (uid=0)
Sep 10 18:32:16 srv1003190 sshd[7616]: Connection closed by authenticating user root 102.88.110.136 port 13711 [preauth]
Sep 10 18:32:18 srv1003190 sshd[7618]: Connection closed by authenticating user root 102.88.110.136 port 13712 [preauth]
Sep 10 18:32:29 srv1003190 sshd[7620]: pam_unix(sshd:auth): authentication failure; logname= uid=0 euid=0 tty=ssh ruser= rhost=102.88.110.136  user=root
Sep 10 18:32:31 srv1003190 sshd[7620]: Failed password for root from 102.88.110.136 port 13713 ssh2
Sep 10 18:32:44 srv1003190 sshd[7620]: Failed password for root from 102.88.110.136 port 13713 ssh2
Sep 10 18:33:06 srv1003190 sshd[7620]: Failed password for root from 102.88.110.136 port 13713 ssh2
Sep 10 18:33:07 srv1003190 sshd[7620]: Connection closed by authenticating user root 102.88.110.136 port 13713 [preauth]
Sep 10 18:33:07 srv1003190 sshd[7620]: PAM 2 more authentication failures; logname= uid=0 euid=0 tty=ssh ruser= rhost=102.88.110.136  user=root
Sep 10 18:33:24 srv1003190 sshd[7622]: Accepted password for root from 102.88.110.136 port 13714 ssh2
Sep 10 18:33:24 srv1003190 sshd[7622]: pam_unix(sshd:session): session opened for user root(uid=0) by (uid=0)
Sep 10 18:41:15 srv1003190 sshd[8551]: Connection closed by authenticating user root 102.88.110.136 port 13734 [preauth]
Sep 10 18:41:17 srv1003190 sshd[8553]: Connection closed by authenticating user root 102.88.110.136 port 13735 [preauth]
Sep 10 18:41:33 srv1003190 sshd[8555]: Accepted password for root from 102.88.110.136 port 13736 ssh2
Sep 10 18:41:33 srv1003190 sshd[8555]: pam_unix(sshd:session): session opened for user root(uid=0) by (uid=0)
Sep 10 18:41:37 srv1003190 sshd[8617]: Accepted publickey for root from 102.88.110.136 port 13737 ssh2: RSA SHA256:U/Y7nTM1oZn7Ftn5lkpOEY6N5xKP4RPSDZ+zF5LgAfU
Sep 10 18:41:37 srv1003190 sshd[8617]: pam_unix(sshd:session): session opened for user root(uid=0) by (uid=0)
Sep 10 19:36:18 srv1003190 sshd[9674]: error: kex_exchange_identification: Connection closed by remote host
Sep 10 19:36:18 srv1003190 sshd[9674]: Connection closed by 147.185.132.213 port 56312
Sep 10 20:31:56 srv1003190 sshd[10519]: Connection closed by 167.94.138.194 port 39542 [preauth]
Sep 10 18:23:03 srv1003190 sshd[6047]: pam_unix(sshd:session): session opened for user root(uid=0) by (uid=0)
Sep 10 18:32:16 srv1003190 sshd[7616]: Connection closed by authenticating user root 102.88.110.136 port 13711 [preauth]
Sep 10 18:32:18 srv1003190 sshd[7618]: Connection closed by authenticating user root 102.88.110.136 port 13712 [preauth]
Sep 10 18:32:29 srv1003190 sshd[7620]: pam_unix(sshd:auth): authentication failure; logname= uid=0 euid=0 tty=ssh ruser= rhost=102.88.110.136  user=root
Sep 10 18:32:31 srv1003190 sshd[7620]: Failed password for root from 102.88.110.136 port 13713 ssh2
Sep 10 18:32:44 srv1003190 sshd[7620]: Failed password for root from 102.88.110.136 port 13713 ssh2
Sep 10 18:33:06 srv1003190 sshd[7620]: Failed password for root from 102.88.110.136 port 13713 ssh2
Sep 10 18:33:07 srv1003190 sshd[7620]: Connection closed by authenticating user root 102.88.110.136 port 13713 [preauth]
Sep 10 18:33:07 srv1003190 sshd[7620]: PAM 2 more authentication failures; logname= uid=0 euid=0 tty=ssh ruser= rhost=102.88.110.136  user=root
Sep 10 18:33:24 srv1003190 sshd[7622]: Accepted password for root from 102.88.110.136 port 13714 ssh2
Sep 10 18:33:24 srv1003190 sshd[7622]: pam_unix(sshd:session): session opened for user root(uid=0) by (uid=0)
Sep 10 18:41:15 srv1003190 sshd[8551]: Connection closed by authenticating user root 102.88.110.136 port 13734 [preauth]
Sep 10 18:41:17 srv1003190 sshd[8553]: Connection closed by authenticating user root 102.88.110.136 port 13735 [preauth]
Sep 10 18:41:33 srv1003190 sshd[8555]: Accepted password for root from 102.88.110.136 port 13736 ssh2
Sep 10 18:41:33 srv1003190 sshd[8555]: pam_unix(sshd:session): session opened for user root(uid=0) by (uid=0)
Sep 10 18:41:37 srv1003190 sshd[8617]: Accepted publickey for root from 102.88.110.136 port 13737 ssh2: RSA SHA256:U/Y7nTM1oZn7Ftn5lkpOEY6N5xKP4RPSDZ+zF5LgAfU
Sep 10 18:41:37 srv1003190 sshd[8617]: pam_unix(sshd:session): session opened for user root(uid=0) by (uid=0)
Sep 10 19:36:18 srv1003190 sshd[9674]: error: kex_exchange_identification: Connection closed by remote host
Sep 10 19:36:18 srv1003190 sshd[9674]: Connection closed by 147.185.132.213 port 56312
Sep 10 20:31:56 srv1003190 sshd[10519]: Connection closed by 167.94.138.194 port 39542 [preauth]
Sep 10 18:23:03 srv1003190 sshd[6047]: pam_unix(sshd:session): session opened for user root(uid=0) by (uid=0)
Sep 10 18:32:16 srv1003190 sshd[7616]: Connection closed by authenticating user root 102.88.110.136 port 13711 [preauth]
Sep 10 18:32:18 srv1003190 sshd[7618]: Connection closed by authenticating user root 102.88.110.136 port 13712 [preauth]
Sep 10 18:32:29 srv1003190 sshd[7620]: pam_unix(sshd:auth): authentication failure; logname= uid=0 euid=0 tty=ssh ruser= rhost=102.88.110.136  user=root
Sep 10 18:32:31 srv1003190 sshd[7620]: Failed password for root from 102.88.110.136 port 13713 ssh2
Sep 10 18:32:44 srv1003190 sshd[7620]: Failed password for root from 102.88.110.136 port 13713 ssh2
Sep 10 18:33:06 srv1003190 sshd[7620]: Failed password for root from 102.88.110.136 port 13713 ssh2
Sep 10 18:33:07 srv1003190 sshd[7620]: Connection closed by authenticating user root 102.88.110.136 port 13713 [preauth]
Sep 10 18:33:07 srv1003190 sshd[7620]: PAM 2 more authentication failures; logname= uid=0 euid=0 tty=ssh ruser= rhost=102.88.110.136  user=root
Sep 10 18:33:24 srv1003190 sshd[7622]: Accepted password for root from 102.88.110.136 port 13714 ssh2
Sep 10 18:33:24 srv1003190 sshd[7622]: pam_unix(sshd:session): session opened for user root(uid=0) by (uid=0)
Sep 10 18:41:15 srv1003190 sshd[8551]: Connection closed by authenticating user root 102.88.110.136 port 13734 [preauth]
Sep 10 18:41:17 srv1003190 sshd[8553]: Connection closed by authenticating user root 102.88.110.136 port 13735 [preauth]
Sep 10 18:41:33 srv1003190 sshd[8555]: Accepted password for root from 102.88.110.136 port 13736 ssh2
Sep 10 18:41:33 srv1003190 sshd[8555]: pam_unix(sshd:session): session opened for user root(uid=0) by (uid=0)
Sep 10 18:41:37 srv1003190 sshd[8617]: Accepted publickey for root from 102.88.110.136 port 13737 ssh2: RSA SHA256:U/Y7nTM1oZn7Ftn5lkpOEY6N5xKP4RPSDZ+zF5LgAfU
Sep 10 18:41:37 srv1003190 sshd[8617]: pam_unix(sshd:session): session opened for user root(uid=0) by (uid=0)
Sep 10 19:36:18 srv1003190 sshd[9674]: error: kex_exchange_identification: Connection closed by remote host
Sep 10 19:36:18 srv1003190 sshd[9674]: Connection closed by 147.185.132.213 port 56312
Sep 10 20:31:56 srv1003190 sshd[10519]: Connection closed by 167.94.138.194 port 39542 [preauth]
Sep 10 18:23:03 srv1003190 sshd[6047]: pam_unix(sshd:session): session opened for user root(uid=0) by (uid=0)
Sep 10 18:32:16 srv1003190 sshd[7616]: Connection closed by authenticating user root 102.88.110.136 port 13711 [preauth]
Sep 10 18:32:18 srv1003190 sshd[7618]: Connection closed by authenticating user root 102.88.110.136 port 13712 [preauth]
Sep 10 18:32:29 srv1003190 sshd[7620]: pam_unix(sshd:auth): authentication failure; logname= uid=0 euid=0 tty=ssh ruser= rhost=102.88.110.136  user=root
Sep 10 18:32:31 srv1003190 sshd[7620]: Failed password for root from 102.88.110.136 port 13713 ssh2
Sep 10 18:32:44 srv1003190 sshd[7620]: Failed password for root from 102.88.110.136 port 13713 ssh2
Sep 10 18:33:06 srv1003190 sshd[7620]: Failed password for root from 102.88.110.136 port 13713 ssh2
Sep 10 18:33:07 srv1003190 sshd[7620]: Connection closed by authenticating user root 102.88.110.136 port 13713 [preauth]
Sep 10 18:33:07 srv1003190 sshd[7620]: PAM 2 more authentication failures; logname= uid=0 euid=0 tty=ssh ruser= rhost=102.88.110.136  user=root
Sep 10 18:33:24 srv1003190 sshd[7622]: Accepted password for root from 102.88.110.136 port 13714 ssh2
Sep 10 18:33:24 srv1003190 sshd[7622]: pam_unix(sshd:session): session opened for user root(uid=0) by (uid=0)
Sep 10 18:41:15 srv1003190 sshd[8551]: Connection closed by authenticating user root 102.88.110.136 port 13734 [preauth]
Sep 10 18:41:17 srv1003190 sshd[8553]: Connection closed by authenticating user root 102.88.110.136 port 13735 [preauth]
Sep 10 18:41:33 srv1003190 sshd[8555]: Accepted password for root from 102.88.110.136 port 13736 ssh2
Sep 10 18:41:33 srv1003190 sshd[8555]: pam_unix(sshd:session): session opened for user root(uid=0) by (uid=0)
Sep 10 18:41:37 srv1003190 sshd[8617]: Accepted publickey for root from 102.88.110.136 port 13737 ssh2: RSA SHA256:U/Y7nTM1oZn7Ftn5lkpOEY6N5xKP4RPSDZ+zF5LgAfU
Sep 10 18:41:37 srv1003190 sshd[8617]: pam_unix(sshd:session): session opened for user root(uid=0) by (uid=0)
Sep 10 19:36:18 srv1003190 sshd[9674]: error: kex_exchange_identification: Connection closed by remote host
Sep 10 19:36:18 srv1003190 sshd[9674]: Connection closed by 147.185.132.213 port 56312
Sep 10 20:31:56 srv1003190 sshd[10519]: Connection closed by 167.94.138.194 port 39542 [preauth]
Sep 10 18:23:03 srv1003190 sshd[6047]: pam_unix(sshd:session): session opened for user root(uid=0) by (uid=0)
Sep 10 18:32:16 srv1003190 sshd[7616]: Connection closed by authenticating user root 102.88.110.136 port 13711 [preauth]
Sep 10 18:32:18 srv1003190 sshd[7618]: Connection closed by authenticating user root 102.88.110.136 port 13712 [preauth]
Sep 10 18:32:29 srv1003190 sshd[7620]: pam_unix(sshd:auth): authentication failure; logname= uid=0 euid=0 tty=ssh ruser= rhost=102.88.110.136  user=root
Sep 10 18:32:31 srv1003190 sshd[7620]: Failed password for root from 102.88.110.136 port 13713 ssh2
Sep 10 18:32:44 srv1003190 sshd[7620]: Failed password for root from 102.88.110.136 port 13713 ssh2
Sep 10 18:33:06 srv1003190 sshd[7620]: Failed password for root from 102.88.110.136 port 13713 ssh2
Sep 10 18:33:07 srv1003190 sshd[7620]: Connection closed by authenticating user root 102.88.110.136 port 13713 [preauth]
Sep 10 18:33:07 srv1003190 sshd[7620]: PAM 2 more authentication failures; logname= uid=0 euid=0 tty=ssh ruser= rhost=102.88.110.136  user=root
Sep 10 18:33:24 srv1003190 sshd[7622]: Accepted password for root from 102.88.110.136 port 13714 ssh2
Sep 10 18:33:24 srv1003190 sshd[7622]: pam_unix(sshd:session): session opened for user root(uid=0) by (uid=0)
Sep 10 18:41:15 srv1003190 sshd[8551]: Connection closed by authenticating user root 102.88.110.136 port 13734 [preauth]
Sep 10 18:41:17 srv1003190 sshd[8553]: Connection closed by authenticating user root 102.88.110.136 port 13735 [preauth]
Sep 10 18:41:33 srv1003190 sshd[8555]: Accepted password for root from 102.88.110.136 port 13736 ssh2
Sep 10 18:41:33 srv1003190 sshd[8555]: pam_unix(sshd:session): session opened for user root(uid=0) by (uid=0)
Sep 10 18:41:37 srv1003190 sshd[8617]: Accepted publickey for root from 102.88.110.136 port 13737 ssh2: RSA SHA256:U/Y7nTM1oZn7Ftn5lkpOEY6N5xKP4RPSDZ+zF5LgAfU
Sep 10 18:41:37 srv1003190 sshd[8617]: pam_unix(sshd:session): session opened for user root(uid=0) by (uid=0)
Sep 10 19:36:18 srv1003190 sshd[9674]: error: kex_exchange_identification: Connection closed by remote host
Sep 10 19:36:18 srv1003190 sshd[9674]: Connection closed by 147.185.132.213 port 56312
Sep 10 20:31:56 srv1003190 sshd[10519]: Connection closed by 167.94.138.194 port 39542 [preauth]
Sep 10 18:23:03 srv1003190 sshd[6047]: pam_unix(sshd:session): session opened for user root(uid=0) by (uid=0)
Sep 10 18:32:16 srv1003190 sshd[7616]: Connection closed by authenticating user root 102.88.110.136 port 13711 [preauth]
Sep 10 18:32:18 srv1003190 sshd[7618]: Connection closed by authenticating user root 102.88.110.136 port 13712 [preauth]
Sep 10 18:32:29 srv1003190 sshd[7620]: pam_unix(sshd:auth): authentication failure; logname= uid=0 euid=0 tty=ssh ruser= rhost=102.88.110.136  user=root
Sep 10 18:32:31 srv1003190 sshd[7620]: Failed password for root from 102.88.110.136 port 13713 ssh2
Sep 10 18:32:44 srv1003190 sshd[7620]: Failed password for root from 102.88.110.136 port 13713 ssh2
Sep 10 18:33:06 srv1003190 sshd[7620]: Failed password for root from 102.88.110.136 port 13713 ssh2
Sep 10 18:33:07 srv1003190 sshd[7620]: Connection closed by authenticating user root 102.88.110.136 port 13713 [preauth]
Sep 10 18:33:07 srv1003190 sshd[7620]: PAM 2 more authentication failures; logname= uid=0 euid=0 tty=ssh ruser= rhost=102.88.110.136  user=root
Sep 10 18:33:24 srv1003190 sshd[7622]: Accepted password for root from 102.88.110.136 port 13714 ssh2
Sep 10 18:33:24 srv1003190 sshd[7622]: pam_unix(sshd:session): session opened for user root(uid=0) by (uid=0)
Sep 10 18:41:15 srv1003190 sshd[8551]: Connection closed by authenticating user root 102.88.110.136 port 13734 [preauth]
Sep 10 18:41:17 srv1003190 sshd[8553]: Connection closed by authenticating user root 102.88.110.136 port 13735 [preauth]
Sep 10 18:41:33 srv1003190 sshd[8555]: Accepted password for root from 102.88.110.136 port 13736 ssh2
Sep 10 18:41:33 srv1003190 sshd[8555]: pam_unix(sshd:session): session opened for user root(uid=0) by (uid=0)
Sep 10 18:41:37 srv1003190 sshd[8617]: Accepted publickey for root from 102.88.110.136 port 13737 ssh2: RSA SHA256:U/Y7nTM1oZn7Ftn5lkpOEY6N5xKP4RPSDZ+zF5LgAfU
Sep 10 18:41:37 srv1003190 sshd[8617]: pam_unix(sshd:session): session opened for user root(uid=0) by (uid=0)
Sep 10 19:36:18 srv1003190 sshd[9674]: error: kex_exchange_identification: Connection closed by remote host
Sep 10 19:36:18 srv1003190 sshd[9674]: Connection closed by 147.185.132.213 port 56312
Sep 10 20:31:56 srv1003190 sshd[10519]: Connection closed by 167.94.138.194 port 39542 [preauth]
Sep 10 18:23:03 srv1003190 sshd[6047]: pam_unix(sshd:session): session opened for user root(uid=0) by (uid=0)
Sep 10 18:32:16 srv1003190 sshd[7616]: Connection closed by authenticating user root 102.88.110.136 port 13711 [preauth]
Sep 10 18:32:18 srv1003190 sshd[7618]: Connection closed by authenticating user root 102.88.110.136 port 13712 [preauth]
Sep 10 18:32:29 srv1003190 sshd[7620]: pam_unix(sshd:auth): authentication failure; logname= uid=0 euid=0 tty=ssh ruser= rhost=102.88.110.136  user=root
Sep 10 18:32:31 srv1003190 sshd[7620]: Failed password for root from 102.88.110.136 port 13713 ssh2
Sep 10 18:32:44 srv1003190 sshd[7620]: Failed password for root from 102.88.110.136 port 13713 ssh2
Sep 10 18:33:06 srv1003190 sshd[7620]: Failed password for root from 102.88.110.136 port 13713 ssh2
Sep 10 18:33:07 srv1003190 sshd[7620]: Connection closed by authenticating user root 102.88.110.136 port 13713 [preauth]
Sep 10 18:33:07 srv1003190 sshd[7620]: PAM 2 more authentication failures; logname= uid=0 euid=0 tty=ssh ruser= rhost=102.88.110.136  user=root
Sep 10 18:33:24 srv1003190 sshd[7622]: Accepted password for root from 102.88.110.136 port 13714 ssh2
Sep 10 18:33:24 srv1003190 sshd[7622]: pam_unix(sshd:session): session opened for user root(uid=0) by (uid=0)
Sep 10 18:41:15 srv1003190 sshd[8551]: Connection closed by authenticating user root 102.88.110.136 port 13734 [preauth]
Sep 10 18:41:17 srv1003190 sshd[8553]: Connection closed by authenticating user root 102.88.110.136 port 13735 [preauth]
Sep 10 18:41:33 srv1003190 sshd[8555]: Accepted password for root from 102.88.110.136 port 13736 ssh2
Sep 10 18:41:33 srv1003190 sshd[8555]: pam_unix(sshd:session): session opened for user root(uid=0) by (uid=0)
Sep 10 18:41:37 srv1003190 sshd[8617]: Accepted publickey for root from 102.88.110.136 port 13737 ssh2: RSA SHA256:U/Y7nTM1oZn7Ftn5lkpOEY6N5xKP4RPSDZ+zF5LgAfU
Sep 10 18:41:37 srv1003190 sshd[8617]: pam_unix(sshd:session): session opened for user root(uid=0) by (uid=0)
Sep 10 19:36:18 srv1003190 sshd[9674]: error: kex_exchange_identification: Connection closed by remote host
Sep 10 19:36:18 srv1003190 sshd[9674]: Connection closed by 147.185.132.213 port 56312
Sep 10 20:31:56 srv1003190 sshd[10519]: Connection closed by 167.94.138.194 port 39542 [preauth]
Sep 10 18:23:03 srv1003190 sshd[6047]: pam_unix(sshd:session): session opened for user root(uid=0) by (uid=0)
Sep 10 18:32:16 srv1003190 sshd[7616]: Connection closed by authenticating user root 102.88.110.136 port 13711 [preauth]
Sep 10 18:32:18 srv1003190 sshd[7618]: Connection closed by authenticating user root 102.88.110.136 port 13712 [preauth]
Sep 10 18:32:29 srv1003190 sshd[7620]: pam_unix(sshd:auth): authentication failure; logname= uid=0 euid=0 tty=ssh ruser= rhost=102.88.110.136  user=root
Sep 10 18:32:31 srv1003190 sshd[7620]: Failed password for root from 102.88.110.136 port 13713 ssh2
Sep 10 18:32:44 srv1003190 sshd[7620]: Failed password for root from 102.88.110.136 port 13713 ssh2
Sep 10 18:33:06 srv1003190 sshd[7620]: Failed password for root from 102.88.110.136 port 13713 ssh2
Sep 10 18:33:07 srv1003190 sshd[7620]: Connection closed by authenticating user root 102.88.110.136 port 13713 [preauth]
Sep 10 18:33:07 srv1003190 sshd[7620]: PAM 2 more authentication failures; logname= uid=0 euid=0 tty=ssh ruser= rhost=102.88.110.136  user=root
Sep 10 18:33:24 srv1003190 sshd[7622]: Accepted password for root from 102.88.110.136 port 13714 ssh2
Sep 10 18:33:24 srv1003190 sshd[7622]: pam_unix(sshd:session): session opened for user root(uid=0) by (uid=0)
Sep 10 18:41:15 srv1003190 sshd[8551]: Connection closed by authenticating user root 102.88.110.136 port 13734 [preauth]
Sep 10 18:41:17 srv1003190 sshd[8553]: Connection closed by authenticating user root 102.88.110.136 port 13735 [preauth]
Sep 10 18:41:33 srv1003190 sshd[8555]: Accepted password for root from 102.88.110.136 port 13736 ssh2
Sep 10 18:41:33 srv1003190 sshd[8555]: pam_unix(sshd:session): session opened for user root(uid=0) by (uid=0)
Sep 10 18:41:37 srv1003190 sshd[8617]: Accepted publickey for root from 102.88.110.136 port 13737 ssh2: RSA SHA256:U/Y7nTM1oZn7Ftn5lkpOEY6N5xKP4RPSDZ+zF5LgAfU
Sep 10 18:41:37 srv1003190 sshd[8617]: pam_unix(sshd:session): session opened for user root(uid=0) by (uid=0)
Sep 10 19:36:18 srv1003190 sshd[9674]: error: kex_exchange_identification: Connection closed by remote host
Sep 10 19:36:18 srv1003190 sshd[9674]: Connection closed by 147.185.132.213 port 56312
Sep 10 20:31:56 srv1003190 sshd[10519]: Connection closed by 167.94.138.194 port 39542 [preauth]
Sep 10 18:23:03 srv1003190 sshd[6047]: pam_unix(sshd:session): session opened for user root(uid=0) by (uid=0)
Sep 10 18:32:16 srv1003190 sshd[7616]: Connection closed by authenticating user root 102.88.110.136 port 13711 [preauth]
Sep 10 18:32:18 srv1003190 sshd[7618]: Connection closed by authenticating user root 102.88.110.136 port 13712 [preauth]
Sep 10 18:32:29 srv1003190 sshd[7620]: pam_unix(sshd:auth): authentication failure; logname= uid=0 euid=0 tty=ssh ruser= rhost=102.88.110.136  user=root
Sep 10 18:32:31 srv1003190 sshd[7620]: Failed password for root from 102.88.110.136 port 13713 ssh2
Sep 10 18:32:44 srv1003190 sshd[7620]: Failed password for root from 102.88.110.136 port 13713 ssh2
Sep 10 18:33:06 srv1003190 sshd[7620]: Failed password for root from 102.88.110.136 port 13713 ssh2
Sep 10 18:33:07 srv1003190 sshd[7620]: Connection closed by authenticating user root 102.88.110.136 port 13713 [preauth]
Sep 10 18:33:07 srv1003190 sshd[7620]: PAM 2 more authentication failures; logname= uid=0 euid=0 tty=ssh ruser= rhost=102.88.110.136  user=root
Sep 10 18:33:24 srv1003190 sshd[7622]: Accepted password for root from 102.88.110.136 port 13714 ssh2
Sep 10 18:33:24 srv1003190 sshd[7622]: pam_unix(sshd:session): session opened for user root(uid=0) by (uid=0)
Sep 10 18:41:15 srv1003190 sshd[8551]: Connection closed by authenticating user root 102.88.110.136 port 13734 [preauth]
Sep 10 18:41:17 srv1003190 sshd[8553]: Connection closed by authenticating user root 102.88.110.136 port 13735 [preauth]
Sep 10 18:41:33 srv1003190 sshd[8555]: Accepted password for root from 102.88.110.136 port 13736 ssh2
Sep 10 18:41:33 srv1003190 sshd[8555]: pam_unix(sshd:session): session opened for user root(uid=0) by (uid=0)
Sep 10 18:41:37 srv1003190 sshd[8617]: Accepted publickey for root from 102.88.110.136 port 13737 ssh2: RSA SHA256:U/Y7nTM1oZn7Ftn5lkpOEY6N5xKP4RPSDZ+zF5LgAfU
Sep 10 18:41:37 srv1003190 sshd[8617]: pam_unix(sshd:session): session opened for user root(uid=0) by (uid=0)
Sep 10 19:36:18 srv1003190 sshd[9674]: error: kex_exchange_identification: Connection closed by remote host
Sep 10 19:36:18 srv1003190 sshd[9674]: Connection closed by 147.185.132.213 port 56312
Sep 10 20:31:56 srv1003190 sshd[10519]: Connection closed by 167.94.138.194 port 39542 [preauth]
Sep 10 18:23:03 srv1003190 sshd[6047]: pam_unix(sshd:session): session opened for user root(uid=0) by (uid=0)
Sep 10 18:32:16 srv1003190 sshd[7616]: Connection closed by authenticating user root 102.88.110.136 port 13711 [preauth]
Sep 10 18:32:18 srv1003190 sshd[7618]: Connection closed by authenticating user root 102.88.110.136 port 13712 [preauth]
Sep 10 18:32:29 srv1003190 sshd[7620]: pam_unix(sshd:auth): authentication failure; logname= uid=0 euid=0 tty=ssh ruser= rhost=102.88.110.136  user=root
Sep 10 18:32:31 srv1003190 sshd[7620]: Failed password for root from 102.88.110.136 port 13713 ssh2
